#
# There is insufficient memory for the Java Runtime Environment to continue.
# Native memory allocation (malloc) failed to allocate 1048576 bytes for AllocateHeap
# Possible reasons:
#   The system is out of physical RAM or swap space
#   The process is running with CompressedOops enabled, and the Java Heap may be blocking the growth of the native heap
# Possible solutions:
#   Reduce memory load on the system
#   Increase physical memory or swap space
#   Check if swap backing store is full
#   Decrease Java heap size (-Xmx/-Xms)
#   Decrease number of Java threads
#   Decrease Java thread stack sizes (-Xss)
#   Set larger code cache with -XX:ReservedCodeCacheSize=
#   JVM is running with Unscaled Compressed Oops mode in which the Java heap is
#     placed in the first 4GB address space. The Java Heap base address is the
#     maximum limit for the native heap growth. Please use -XX:HeapBaseMinAddress
#     to set the Java Heap base and to place the Java Heap above 4GB virtual address.
# This output file may be truncated or incomplete.
#
#  Out of Memory Error (allocation.cpp:44), pid=17216, tid=664
#
# JRE version:  (21.0.9+7) (build )
# Java VM: Java HotSpot(TM) 64-Bit Server VM (21.0.9+7-LTS-338, mixed mode, sharing, tiered, compressed oops, compressed class ptrs, g1 gc, windows-amd64)
# No core dump will be written. Minidumps are not enabled by default on client versions of Windows
#

---------------  S U M M A R Y ------------

Command Line: -Dapplication.home=C:\Program Files\Java\jdk-21 --add-modules=ALL-DEFAULT -Xms8m -Djdk.module.main=jdk.compiler jdk.compiler/com.sun.tools.javac.Main PrakException.java

Host: Intel(R) Core(TM) i5-8265U CPU @ 1.60GHz, 8 cores, 7G,  Windows 11 , 64 bit Build 26100 (10.0.26100.8737)
Time: Sun Jul 12 20:25:55 2026 SE Asia Standard Time elapsed time: 1.110996 seconds (0d 0h 0m 1s)

---------------  T H R E A D  ---------------

Current thread (0x00000242e60ac780):  JavaThread "Unknown thread" [_thread_in_vm, id=664, stack(0x0000008306c00000,0x0000008306d00000) (1024K)]

Stack: [0x0000008306c00000,0x0000008306d00000]
Native frames: (J=compiled Java code, j=interpreted, Vv=VM code, C=native code)
V  [jvm.dll+0x6cbf89]
V  [jvm.dll+0x858421]
V  [jvm.dll+0x85a94e]
V  [jvm.dll+0x85b023]
V  [jvm.dll+0x27ebc6]
V  [jvm.dll+0xbfae7]
V  [jvm.dll+0x331305]
V  [jvm.dll+0x329851]
V  [jvm.dll+0x821739]
V  [jvm.dll+0x3bc481]
V  [jvm.dll+0x80a9b8]
V  [jvm.dll+0x45166e]
V  [jvm.dll+0x453261]
C  [jli.dll+0x52a3]
C  [ucrtbase.dll+0x2cd30]
C  [KERNEL32.DLL+0x2e957]
C  [ntdll.dll+0xaad6c]


---------------  P R O C E S S  ---------------

Threads class SMR info:
_java_thread_list=0x00007fffe011fc08, length=0, elements={
}

Java Threads: ( => current thread )
Total: 0

Other Threads:
  0x00000242e8248ad0 WorkerThread "GC Thread#0"                     [id=16432, stack(0x0000008306d00000,0x0000008306e00000) (1024K)]

[error occurred during error reporting (printing all threads), id 0xc0000005, EXCEPTION_ACCESS_VIOLATION (0xc0000005) at pc=0x00007fffdf885dc0]
VM state: not at safepoint (not fully initialized)

VM Mutex/Monitor currently owned by a thread:  ([mutex/lock_event])
[0x00007fffe0190ef0] Heap_lock - owner thread: 0x00000242e60ac780

Heap address: 0x0000000083e00000, size: 1986 MB, Compressed Oops mode: 32-bit

CDS archive(s) mapped at: [0x0000000000000000-0x0000000000000000-0x0000000000000000), size 0, SharedBaseAddress: 0x0000000800000000, ArchiveRelocationMode: 1.
Narrow klass base: 0x0000000000000000, Narrow klass shift: 0, Narrow klass range: 0x0

GC Precious Log:
 CardTable entry size: 512
 Card Set container configuration: InlinePtr #cards 5 size 8 Array Of Cards #cards 12 size 40 Howl #buckets 4 coarsen threshold 1843 Howl Bitmap #cards 512 size 80 coarsen threshold 460 Card regions per heap region 1 cards per card region 2048

Heap:
 garbage-first heap   total 0K, used 0K [0x0000000083e00000, 0x0000000100000000)
  region size 1024K, 0 young (0K), 0 survivors (0K)

[error occurred during error reporting (printing heap information), id 0xc0000005, EXCEPTION_ACCESS_VIOLATION (0xc0000005) at pc=0x00007fffdfc74ff9]
GC Heap History (0 events):
No events

Dll operation events (1 events):
Event: 0.038 Loaded shared library C:\Program Files\Java\jdk-21\bin\java.dll

Deoptimization events (0 events):
No events

Classes loaded (0 events):
No events

Classes unloaded (0 events):
No events

Classes redefined (0 events):
No events

Internal exceptions (0 events):
No events

ZGC Phase Switch (0 events):
No events

VM Operations (0 events):
No events

Events (0 events):
No events


Dynamic libraries:
0x00007ff75ede0000 - 0x00007ff75ede8000 	C:\Program Files\Java\jdk-21\bin\javac.exe
0x00007ff887b40000 - 0x00007ff887da6000 	C:\WINDOWS\SYSTEM32\ntdll.dll
0x00007ff885a20000 - 0x00007ff885ae9000 	C:\WINDOWS\System32\KERNEL32.DLL
0x00007ff885020000 - 0x00007ff885420000 	C:\WINDOWS\System32\KERNELBASE.dll
0x00007ff885430000 - 0x00007ff88557c000 	C:\WINDOWS\System32\ucrtbase.dll
0x00007ff87e570000 - 0x00007ff87e589000 	C:\Program Files\Java\jdk-21\bin\jli.dll
0x00007ff886e70000 - 0x00007ff886f27000 	C:\WINDOWS\System32\ADVAPI32.dll
0x00007ff885bf0000 - 0x00007ff885c99000 	C:\WINDOWS\System32\msvcrt.dll
0x00007ff861c30000 - 0x00007ff861c4b000 	C:\Program Files\Java\jdk-21\bin\VCRUNTIME140.dll
0x00007ff8869f0000 - 0x00007ff886a9a000 	C:\WINDOWS\System32\sechost.dll
0x00007ff885870000 - 0x00007ff885988000 	C:\WINDOWS\System32\RPCRT4.dll
0x00007ff8878a0000 - 0x00007ff887a67000 	C:\WINDOWS\System32\USER32.dll
0x00007ff885840000 - 0x00007ff885867000 	C:\WINDOWS\System32\win32u.dll
0x00007ff8747e0000 - 0x00007ff874a72000 	C:\WINDOWS\WinSxS\amd64_microsoft.windows.common-controls_6595b64144ccf1df_6.0.26100.8737_none_3e092eaee333b772\COMCTL32.dll
0x00007ff886e40000 - 0x00007ff886e6b000 	C:\WINDOWS\System32\GDI32.dll
0x00007ff885710000 - 0x00007ff885839000 	C:\WINDOWS\System32\gdi32full.dll
0x00007ff884ee0000 - 0x00007ff884f83000 	C:\WINDOWS\System32\msvcp_win.dll
0x00007ff87b590000 - 0x00007ff87b59b000 	C:\WINDOWS\SYSTEM32\VERSION.dll
0x00007ff886f30000 - 0x00007ff886f62000 	C:\WINDOWS\System32\IMM32.DLL
0x00007ff863d00000 - 0x00007ff863d0c000 	C:\Program Files\Java\jdk-21\bin\vcruntime140_1.dll
0x00007ff849ef0000 - 0x00007ff849f7e000 	C:\Program Files\Java\jdk-21\bin\msvcp140.dll
0x00007fffdf550000 - 0x00007fffe026d000 	C:\Program Files\Java\jdk-21\bin\server\jvm.dll
0x00007ff887a70000 - 0x00007ff887af0000 	C:\WINDOWS\System32\WS2_32.dll
0x00007ff884bc0000 - 0x00007ff884c1e000 	C:\WINDOWS\SYSTEM32\POWRPROF.dll
0x00007ff874a80000 - 0x00007ff874ab6000 	C:\WINDOWS\SYSTEM32\WINMM.dll
0x00007ff884ba0000 - 0x00007ff884bb4000 	C:\WINDOWS\SYSTEM32\UMPDC.dll
0x00007ff883a40000 - 0x00007ff883a5b000 	C:\WINDOWS\SYSTEM32\kernel.appcore.dll
0x00007ff8622b0000 - 0x00007ff8622ba000 	C:\Program Files\Java\jdk-21\bin\jimage.dll
0x00007ff87f2f0000 - 0x00007ff87f532000 	C:\WINDOWS\SYSTEM32\DBGHELP.DLL
0x00007ff886aa0000 - 0x00007ff886e23000 	C:\WINDOWS\System32\combase.dll
0x00007ff886f70000 - 0x00007ff887049000 	C:\WINDOWS\System32\OLEAUT32.dll
0x00007ff85bfd0000 - 0x00007ff85c00b000 	C:\WINDOWS\SYSTEM32\dbgcore.DLL
0x00007ff885590000 - 0x00007ff88563c000 	C:\WINDOWS\System32\bcryptPrimitives.dll
0x00007ff8611c0000 - 0x00007ff8611df000 	C:\Program Files\Java\jdk-21\bin\java.dll

dbghelp: loaded successfully - version: 4.0.5 - missing functions: none
symbol engine: initialized successfully - sym options: 0x614 - pdb path: .;C:\Program Files\Java\jdk-21\bin;C:\WINDOWS\SYSTEM32;C:\WINDOWS\WinSxS\amd64_microsoft.windows.common-controls_6595b64144ccf1df_6.0.26100.8737_none_3e092eaee333b772;C:\Program Files\Java\jdk-21\bin\server

VM Arguments:
jvm_args: -Dapplication.home=C:\Program Files\Java\jdk-21 --add-modules=ALL-DEFAULT -Xms8m -Djdk.module.main=jdk.compiler 
java_command: jdk.compiler/com.sun.tools.javac.Main PrakException.java
java_class_path (initial): <not set>
Launcher Type: SUN_STANDARD

[Global flags]
     intx CICompilerCount                          = 4                                         {product} {ergonomic}
     uint ConcGCThreads                            = 2                                         {product} {ergonomic}
     uint G1ConcRefinementThreads                  = 8                                         {product} {ergonomic}
   size_t G1HeapRegionSize                         = 1048576                                   {product} {ergonomic}
    uintx GCDrainStackTargetSize                   = 64                                        {product} {ergonomic}
   size_t InitialHeapSize                          = 8388608                                   {product} {command line}
   size_t MarkStackSize                            = 4194304                                   {product} {ergonomic}
   size_t MaxHeapSize                              = 2082471936                                {product} {ergonomic}
   size_t MinHeapDeltaBytes                        = 1048576                                   {product} {ergonomic}
   size_t MinHeapSize                              = 8388608                                   {product} {command line}
    uintx NonNMethodCodeHeapSize                   = 5839372                                {pd product} {ergonomic}
    uintx NonProfiledCodeHeapSize                  = 122909434                              {pd product} {ergonomic}
    uintx ProfiledCodeHeapSize                     = 122909434                              {pd product} {ergonomic}
    uintx ReservedCodeCacheSize                    = 251658240                              {pd product} {ergonomic}
     bool SegmentedCodeCache                       = true                                      {product} {ergonomic}
   size_t SoftMaxHeapSize                          = 2082471936                             {manageable} {ergonomic}
     bool UseCompressedOops                        = true                           {product lp64_product} {ergonomic}
     bool UseG1GC                                  = true                                      {product} {ergonomic}
     bool UseLargePagesIndividualAllocation        = false                                  {pd product} {ergonomic}

Logging:
Log output configuration:
 #0: stdout all=warning uptime,level,tags foldmultilines=false
 #1: stderr all=off uptime,level,tags foldmultilines=false

Environment Variables:
PATH=C:\Program Files\Common Files\Oracle\Java\javapath;C:\WINDOWS\system32;C:\WINDOWS;C:\WINDOWS\System32\Wbem;C:\WINDOWS\System32\WindowsPowerShell\v1.0\;C:\WINDOWS\System32\OpenSSH\;C:\Program Files\Intel\WiFi\bin\;C:\Program Files\Common Files\Intel\WirelessCommon\;C:\Program Files\nodejs\;C:\Program Files\Git LFS;C:\Program Files\Git\cmd;C:\Users\User\AppData\Local\Programs\Python\Python313\Scripts\;C:\Users\User\AppData\Local\Programs\Python\Python313\;C:\Users\User\AppData\Local\Microsoft\WindowsApps;C:\Users\User\AppData\Local\Programs\Microsoft VS Code\bin;C:\Users\User\AppData\Roaming\npm;C:\Program Files\Java\jdk-21\bin;
USERNAME=joko petrus
OS=Windows_NT
PROCESSOR_IDENTIFIER=Intel64 Family 6 Model 142 Stepping 12, GenuineIntel
TMP=C:\Users\User\AppData\Local\Temp
TEMP=C:\Users\User\AppData\Local\Temp




Periodic native trim disabled

---------------  S Y S T E M  ---------------

OS:
 Windows 11 , 64 bit Build 26100 (10.0.26100.8737)
OS uptime: 4 days 21:40 hours

CPU: total 8 (initial active 8) (4 cores per cpu, 2 threads per core) family 6 model 142 stepping 12 microcode 0xde, cx8, cmov, fxsr, ht, mmx, 3dnowpref, sse, sse2, sse3, ssse3, sse4.1, sse4.2, popcnt, lzcnt, tsc, tscinvbit, avx, avx2, aes, erms, clmul, bmi1, bmi2, adx, fma, vzeroupper, clflush, clflushopt, rdtscp, f16c
Processor Information for processor 0
  Max Mhz: 1800, Current Mhz: 1500, Mhz Limit: 1584
Processor Information for processor 1
  Max Mhz: 1800, Current Mhz: 1500, Mhz Limit: 1584
Processor Information for processor 2
  Max Mhz: 1800, Current Mhz: 1500, Mhz Limit: 1584
Processor Information for processor 3
  Max Mhz: 1800, Current Mhz: 1600, Mhz Limit: 1584
Processor Information for processor 4
  Max Mhz: 1800, Current Mhz: 1500, Mhz Limit: 1584
Processor Information for processor 5
  Max Mhz: 1800, Current Mhz: 1500, Mhz Limit: 1584
Processor Information for processor 6
  Max Mhz: 1800, Current Mhz: 1500, Mhz Limit: 1584
Processor Information for processor 7
  Max Mhz: 1800, Current Mhz: 1500, Mhz Limit: 1584

Memory: 4k page, system-wide physical 7941M (1650M free)
TotalPageFile size 7941M (AvailPageFile size 7M)
current process WorkingSet (physical memory assigned to process): 12M, peak: 12M
current process commit charge ("private bytes"): 58M, peak: 59M

vm_info: Java HotSpot(TM) 64-Bit Server VM (21.0.9+7-LTS-338) for windows-amd64 JRE (21.0.9+7-LTS-338), built on 2025-09-26T06:33:49Z by "mach5run" with MS VC++ 17.6 (VS2022)

END.
